
> frontend@0.1.0 build
> next build

Γû▓ Next.js 16.1.6 (Turbopack)
- Environments: .env.local

  Creating an optimized production build ...
Γ£ô Compiled successfully in 2.1s
  Running TypeScript ...
  Collecting page data using 11 workers ...
  Generating static pages using 11 workers (0/6) ...
  Generating static pages using 11 workers (1/6) 
  Generating static pages using 11 workers (2/6) 
  Generating static pages using 11 workers (4/6) 
Γ£ô Generating static pages using 11 workers (6/6) in 396.0ms
  Finalizing page optimization ...

Route (app)
Γöî Γùï /
Γö£ Γùï /_not-found
Γö£ Γùï /dashboard
Γöö Γùï /pretraga


╞Æ Proxy (Middleware)

Γùï  (Static)  prerendered as static content

